[0m18:51:47.293349 [debug] [MainThread]: Sending event: {'category': 'dbt', 'action': 'invocation', 'label': 'start', 'context': [<snowplow_tracker.self_describing_json.SelfDescribingJson object at 0x000001C87D97E690>, <snowplow_tracker.self_describing_json.SelfDescribingJson object at 0x000001C87D97E510>, <snowplow_tracker.self_describing_json.SelfDescribingJson object at 0x000001C87D97E350>]}


============================== 18:51:47.296554 | f12d3626-44cb-4571-8345-27eccd7cdd03 ==============================
[0m18:51:47.296554 [info ] [MainThread]: Running with dbt=1.11.11
[0m18:51:47.297537 [debug] [MainThread]: running dbt with arguments {'static_parser': 'True', 'no_print': 'None', 'version_check': 'True', 'warn_error_options': 'WarnErrorOptionsV2(error=[], warn=[], silence=[])', 'target_path': 'None', 'printer_width': '80', 'write_json': 'True', 'introspect': 'True', 'log_cache_events': 'False', 'empty': 'None', 'cache_selected_only': 'False', 'log_format': 'default', 'debug': 'False', 'fail_fast': 'False', 'partial_parse': 'True', 'send_anonymous_usage_stats': 'True', 'quiet': 'False', 'warn_error': 'None', 'profiles_dir': 'C:\\Users\\aabel\\.dbt', 'invocation_command': 'dbt init earthquakes', 'use_colors': 'True', 'indirect_selection': 'eager', 'use_experimental_parser': 'False', 'log_path': 'logs'}
[0m18:51:47.312618 [debug] [MainThread]: Starter project path: C:\Users\aabel\earthquake-datapipeline\.venv\Lib\site-packages\dbt\include\starter_project
[0m18:51:47.328695 [info ] [MainThread]: 
Your new dbt project "earthquakes" was created!

For more information on how to configure the profiles.yml file,
please consult the dbt documentation here:

  https://docs.getdbt.com/docs/configure-your-profile

One more thing:

Need help? Don't hesitate to reach out to us via GitHub issues or on Slack:

  https://community.getdbt.com/

Happy modeling!

[0m18:51:47.329669 [info ] [MainThread]: Setting up your profile.
[0m18:59:46.841801 [info ] [MainThread]: Profile earthquakes written to C:\Users\aabel\.dbt\profiles.yml using target's profile_template.yml and your supplied values. Run 'dbt debug' to validate the connection.
[0m18:59:46.845800 [debug] [MainThread]: Command `dbt init` succeeded at 18:59:46.845800 after 479.65 seconds
[0m18:59:46.847213 [debug] [MainThread]: Sending event: {'category': 'dbt', 'action': 'invocation', 'label': 'end', 'context': [<snowplow_tracker.self_describing_json.SelfDescribingJson object at 0x000001C8012028D0>, <snowplow_tracker.self_describing_json.SelfDescribingJson object at 0x000001C8012CAE50>, <snowplow_tracker.self_describing_json.SelfDescribingJson object at 0x000001C8012CB050>]}
[0m18:59:46.847213 [debug] [MainThread]: Flushing usage events
[0m18:59:47.533249 [debug] [MainThread]: An error was encountered while trying to flush usage events
[0m19:24:27.909298 [debug] [MainThread]: Sending event: {'category': 'dbt', 'action': 'invocation', 'label': 'start', 'context': [<snowplow_tracker.self_describing_json.SelfDescribingJson object at 0x000001DCCF363950>, <snowplow_tracker.self_describing_json.SelfDescribingJson object at 0x000001DCCF363990>, <snowplow_tracker.self_describing_json.SelfDescribingJson object at 0x000001DCCF363710>]}


============================== 19:24:27.914331 | ecb3aa03-9a84-4446-9e6e-624b947c6da3 ==============================
[0m19:24:27.914331 [info ] [MainThread]: Running with dbt=1.11.11
[0m19:24:27.914331 [debug] [MainThread]: running dbt with arguments {'version_check': 'True', 'no_print': 'None', 'static_parser': 'True', 'warn_error_options': 'WarnErrorOptionsV2(error=[], warn=[], silence=[])', 'target_path': 'None', 'printer_width': '80', 'write_json': 'True', 'introspect': 'True', 'log_cache_events': 'False', 'empty': 'None', 'cache_selected_only': 'False', 'log_format': 'default', 'debug': 'False', 'fail_fast': 'False', 'profiles_dir': 'C:\\Users\\aabel\\.dbt', 'send_anonymous_usage_stats': 'True', 'quiet': 'False', 'warn_error': 'None', 'partial_parse': 'True', 'use_colors': 'True', 'invocation_command': 'dbt debug', 'indirect_selection': 'eager', 'use_experimental_parser': 'False', 'log_path': 'logs'}
[0m19:24:27.936299 [info ] [MainThread]: dbt version: 1.11.11
[0m19:24:27.937322 [info ] [MainThread]: python version: 3.11.3
[0m19:24:27.938298 [info ] [MainThread]: python path: C:\Users\aabel\earthquake-datapipeline\.venv\Scripts\python.exe
[0m19:24:27.938298 [info ] [MainThread]: os info: Windows-10-10.0.26200-SP0
[0m19:24:29.057424 [info ] [MainThread]: Error importing adapter: No module named 'dbt.adapters.postgres'
[0m19:24:29.058407 [info ] [MainThread]: Using profiles dir at C:\Users\aabel\.dbt
[0m19:24:29.058407 [info ] [MainThread]: Using profiles.yml file at C:\Users\aabel\.dbt\profiles.yml
[0m19:24:29.059408 [info ] [MainThread]: Using dbt_project.yml file at C:\Users\aabel\earthquake-datapipeline\dbt\dbt_project.yml
[0m19:24:29.060406 [info ] [MainThread]: Configuration:
[0m19:24:29.061410 [info ] [MainThread]:   profiles.yml file [[31mERROR invalid[0m]
[0m19:24:29.062407 [info ] [MainThread]:   dbt_project.yml file [[31mERROR not found[0m]
[0m19:24:29.062407 [info ] [MainThread]: Required dependencies:
[0m19:24:29.063408 [debug] [MainThread]: Executing "git --help"
[0m19:24:29.099964 [debug] [MainThread]: STDOUT: "b"usage: git [-v | --version] [-h | --help] [-C <path>] [-c <name>=<value>]\n           [--exec-path[=<path>]] [--html-path] [--man-path] [--info-path]\n           [-p | --paginate | -P | --no-pager] [--no-replace-objects] [--bare]\n           [--git-dir=<path>] [--work-tree=<path>] [--namespace=<name>]\n           [--config-env=<name>=<envvar>] <command> [<args>]\n\nThese are common Git commands used in various situations:\n\nstart a working area (see also: git help tutorial)\n   clone     Clone a repository into a new directory\n   init      Create an empty Git repository or reinitialize an existing one\n\nwork on the current change (see also: git help everyday)\n   add       Add file contents to the index\n   mv        Move or rename a file, a directory, or a symlink\n   restore   Restore working tree files\n   rm        Remove files from the working tree and from the index\n\nexamine the history and state (see also: git help revisions)\n   bisect    Use binary search to find the commit that introduced a bug\n   diff      Show changes between commits, commit and working tree, etc\n   grep      Print lines matching a pattern\n   log       Show commit logs\n   show      Show various types of objects\n   status    Show the working tree status\n\ngrow, mark and tweak your common history\n   branch    List, create, or delete branches\n   commit    Record changes to the repository\n   merge     Join two or more development histories together\n   rebase    Reapply commits on top of another base tip\n   reset     Reset current HEAD to the specified state\n   switch    Switch branches\n   tag       Create, list, delete or verify a tag object signed with GPG\n\ncollaborate (see also: git help workflows)\n   fetch     Download objects and refs from another repository\n   pull      Fetch from and integrate with another repository or a local branch\n   push      Update remote refs along with associated objects\n\n'git help -a' and 'git help -g' list available subcommands and some\nconcept guides. See 'git help <command>' or 'git help <concept>'\nto read about a specific subcommand or concept.\nSee 'git help git' for an overview of the system.\n""
[0m19:24:29.100966 [debug] [MainThread]: STDERR: "b''"
[0m19:24:29.101967 [info ] [MainThread]:  - git [[32mOK found[0m]

[0m19:24:29.102963 [info ] [MainThread]: Connection test skipped since no profile was found
[0m19:24:29.102963 [info ] [MainThread]: [31m2 checks failed:[0m
[0m19:24:29.103963 [info ] [MainThread]: Could not load dbt_project.yml
Profile loading failed for the following reason:
Runtime Error
  Credentials in profile "pokemon_project", target "dev" invalid: Runtime Error
    Could not find adapter type postgres!


[0m19:24:29.103963 [info ] [MainThread]: Project loading failed for the following reason:
 project path <C:\Users\aabel\earthquake-datapipeline\dbt\dbt_project.yml> not found

[0m19:24:29.104964 [debug] [MainThread]: Command `dbt debug` failed at 19:24:29.104964 after 1.27 seconds
[0m19:24:29.105965 [debug] [MainThread]: Sending event: {'category': 'dbt', 'action': 'invocation', 'label': 'end', 'context': [<snowplow_tracker.self_describing_json.SelfDescribingJson object at 0x000001DCCE47B950>, <snowplow_tracker.self_describing_json.SelfDescribingJson object at 0x000001DCCF35AE10>, <snowplow_tracker.self_describing_json.SelfDescribingJson object at 0x000001DCCF35BAD0>]}
[0m19:24:29.105965 [debug] [MainThread]: Flushing usage events
[0m19:24:29.563051 [debug] [MainThread]: An error was encountered while trying to flush usage events
